// Jest Snapshot v1, https://goo.gl/fbAQLP

exports[`should render ErrorMessage component 1`] = `ShallowWrapper {}`;
