// Jest Snapshot v1, https://goo.gl/fbAQLP

exports[`should render DropdownMenu component 1`] = `ShallowWrapper {}`;
